// Jest Snapshot v1, https://goo.gl/fbAQLP

exports[`ForumItem component renders with data 1`] = `
<Swipeable
  leftActionActivationDistance={125}
  leftActionReleaseAnimationConfig={null}
  leftActionReleaseAnimationFn={null}
  leftButtonWidth={75}
  leftButtons={null}
  leftButtonsActivationDistance={75}
  leftButtonsCloseReleaseAnimationConfig={null}
  leftButtonsCloseReleaseAnimationFn={null}
  leftButtonsOpenReleaseAnimationConfig={null}
  leftButtonsOpenReleaseAnimationFn={null}
  leftContent={null}
  onLeftActionActivate={[Function]}
  onLeftActionComplete={[Function]}
  onLeftActionDeactivate={[Function]}
  onLeftActionRelease={[Function]}
  onLeftButtonsActivate={[Function]}
  onLeftButtonsCloseComplete={[Function]}
  onLeftButtonsCloseRelease={[Function]}
  onLeftButtonsDeactivate={[Function]}
  onLeftButtonsOpenComplete={[Function]}
  onLeftButtonsOpenRelease={[Function]}
  onPanAnimatedValueRef={[Function]}
  onRef={[Function]}
  onRightActionActivate={[Function]}
  onRightActionComplete={[Function]}
  onRightActionDeactivate={[Function]}
  onRightActionRelease={[Function]}
  onRightButtonsActivate={[Function]}
  onRightButtonsCloseComplete={[Function]}
  onRightButtonsCloseRelease={[Function]}
  onRightButtonsDeactivate={[Function]}
  onRightButtonsOpenComplete={[Function]}
  onRightButtonsOpenRelease={[Function]}
  onSwipeComplete={[Function]}
  onSwipeMove={[Function]}
  onSwipeRelease={[Function]}
  onSwipeStart={[Function]}
  rightActionActivationDistance={125}
  rightActionReleaseAnimationConfig={null}
  rightActionReleaseAnimationFn={null}
  rightButtonWidth={75}
  rightButtons={
    Array [
      <TouchableHighlight
        activeOpacity={0.85}
        delayPressOut={100}
        onPress={[Function]}
        style={
          Array [
            Object {
              "flex": 1,
              "justifyContent": "center",
              "paddingLeft": 20,
            },
            Object {
              "backgroundColor": "#009BA2",
            },
          ]
        }
        underlayColor="black"
      >
        <Text
          accessible={true}
          allowFontScaling={true}
          ellipsizeMode="tail"
          style={
            Object {
              "color": "white",
            }
          }
        >
          Mark Read
        </Text>
      </TouchableHighlight>,
    ]
  }
  rightButtonsActivationDistance={75}
  rightButtonsCloseReleaseAnimationConfig={null}
  rightButtonsCloseReleaseAnimationFn={null}
  rightButtonsOpenReleaseAnimationConfig={null}
  rightButtonsOpenReleaseAnimationFn={null}
  rightContent={null}
  swipeReleaseAnimationConfig={
    Object {
      "duration": 250,
      "easing": [Function],
      "toValue": Object {
        "x": 0,
        "y": 0,
      },
    }
  }
  swipeReleaseAnimationFn={[Function]}
  swipeStartMinDistance={15}
>
  <ContentRow
    onPress={[Function]}
    style={
      Object {
        "alignContent": "stretch",
        "alignItems": "center",
        "flexDirection": "row",
        "justifyContent": "space-between",
        "paddingHorizontal": 16,
        "paddingVertical": 16,
      }
    }
  >
    <Component
      style={
        Object {
          "flex": 1,
          "flexDirection": "row",
          "paddingRight": 20,
        }
      }
    >
      <ForumIcon
        unread={true}
      />
      <Component
        style={
          Object {
            "marginLeft": 9,
          }
        }
      >
        <Text
          accessible={true}
          allowFontScaling={true}
          ellipsizeMode="tail"
          numberOfLines={1}
          style={
            Array [
              Object {
                "color": "#171717",
                "fontFamily": "System",
                "fontSize": 17,
                "fontWeight": "600",
              },
              Object {
                "lineHeight": 18,
              },
            ]
          }
        >
          Test Forum
        </Text>
        <Text
          accessible={true}
          allowFontScaling={true}
          ellipsizeMode="tail"
          style={
            Array [
              Object {
                "color": "#657686",
              },
              Object {
                "fontSize": 14,
              },
            ]
          }
          testId="postCount"
        >
          posts(8)
        </Text>
      </Component>
    </Component>
    <LastPostInfo
      photo="https://via.placeholder.com/150"
      photoSize={30}
      timestamp={1508115202}
    />
  </ContentRow>
</Swipeable>
`;
